// Jest Snapshot v1, https://goo.gl/fbAQLP

exports[`should return array with details only for certain url 1`] = `Array []`;
